Symbol: TestFunction
/TEST_OUTPUT/workspace/clean.go
Range: L31:C1 - L33:C2

31|func TestFunction() {
32|	fmt.Println("This is a test function")
33|}
