---

Symbol: static_method
/TEST_OUTPUT/workspace/main.py
Kind: Method
Container Name: TestClass
Range: L43:C1 - L59:C22

43|    @staticmethod
44|    def static_method(items: list[str]) -> dict[str, int]:
45|        """Convert a list of items to a dictionary with item counts.
46|
47|        Args:
48|            items: A list of strings
49|
50|        Returns:
51|            A dictionary mapping items to their counts
52|        """
53|        result: dict[str, int] = {}
54|        for item in items:
55|            if item in result:
56|                result[item] += 1
57|            else:
58|                result[item] = 1
59|        return result

