---

Symbol: TestClass
/TEST_OUTPUT/workspace/clangd/src/consumer.cpp
Kind: Class
Range: L7:C1 - L15:C2

 7|class TestClass {
 8| public:
 9|  /**
10|   * @brief A method that takes an integer parameter.
11|   *
12|   * @param param The integer parameter to be processed.
13|   */
14|  void method(int param) { helperFunction(); }
15|};

