---

Symbol: TEST_CONSTANT
/TEST_OUTPUT/workspace/clangd/src/helper.cpp
Kind: Variable
Range: L4:C1 - L4:C29

4|const int TEST_CONSTANT = 42;

