---

Symbol: foo_bar
/TEST_OUTPUT/workspace/src/main.cpp
Kind: Function
Range: L5:C1 - L8:C2

5|void foo_bar() {
6|  std::cout << "Hello, World!" << std::endl;
7|  return;
8|}

