---

Symbol: helperFunction
/TEST_OUTPUT/workspace/clangd/src/helper.cpp
Kind: Function
Range: L7:C1 - L7:C71

7|void helperFunction() { std::cout << "Helper function" << std::endl; }

