---

Symbol: method
/TEST_OUTPUT/workspace/clangd/src/consumer.cpp
Kind: Method
Container Name: TestClass
Range: L14:C1 - L14:C47

14|  void method(int param) { helperFunction(); }

