---

Symbol: nsFunction2
/TEST_OUTPUT/workspace/clangd/src/namespace.cpp
Kind: Function
Container Name: ns
Range: L11:C1 - L13:C2

11|void nsFunction2() {
12|    // empty   
13|}

