---

Symbol: TestStruct
/TEST_OUTPUT/workspace/clangd/src/types.cpp
Kind: Class
Range: L6:C1 - L8:C2

6|struct TestStruct {
7|  int value;
8|};

