---

Symbol: TestType
/TEST_OUTPUT/workspace/clangd/src/types.cpp
Kind: Class
Range: L10:C1 - L10:C21

10|using TestType = int;

