---

Symbol: TEST_VARIABLE
/TEST_OUTPUT/workspace/clangd/src/helper.cpp
Kind: Variable
Range: L5:C1 - L5:C24

5|int TEST_VARIABLE = 100;  // A test variable used for integration testing purposes.

